// Jest Snapshot v1, https://goo.gl/fbAQLP

exports[`<CounterApp /> tests should show <CounterApp /> correctly 1`] = `
<Fragment>
  <h1>
    Counter App  Strike
  </h1>
  <p>
    10
  </p>
  <button
    onClick={[Function]}
  >
    +1
  </button>
  <button
    onClick={[Function]}
  >
    Reset
  </button>
  <button
    onClick={[Function]}
  >
    -1
  </button>
</Fragment>
`;
